Microchip MPLAB XC8 Compiler V2.10 ()

Linker command line:

-W-3 --edf=C:\Program Files (x86)\Microchip\xc8\v2.10\pic\dat\en_msgs.txt \
  -cs -h+dist/default/production\test.X.production.sym \
  --cmf=dist/default/production\test.X.production.cmf -z -Q16C56 \
  -oC:\Users\nadia\AppData\Local\Temp\s8ug.2 --defsym=__MPLAB_BUILD=1 \
  -Mdist/default/production/test.X.production.map -E1 -ver=XC8 --acfsm=1493 \
  -ASTACK=07h-01Bh -pstack=STACK -ACODE=00h-01FFh,0200h-03FEh \
  -ASTRCODE=00h-03FEh -ASTRING=00h-0FFh,0200h-02FFh \
  -AENTRY=00h-0FFh-01FFh,0200h-02FFh-03FEh -ABANK0=07h-01Dh -ARAM=07h-01Dh \
  -AABS1=07h-01Fh -ACOMMON=01Ch-01Fh -ASFR0=00h-06h \
  -preset_vec=03ffh,reset_wrap=0h,init,end_init,cinit,clrtext \
  -ppowerup=CODE -pfunctab=ENTRY -ACONFIG=0FFFh-0FFFh -pconfig=CONFIG \
  -DCONFIG=2 -AIDLOC=0400h-0403h -pidloc=IDLOC -DIDLOC=2 -pstrings=-STRING \
  -DCODE=2 -DSTRCODE=2 -DSTRING=2 -DCONST=2 -DENTRY=2 -k \
  C:\Users\nadia\AppData\Local\Temp\s8ug.o \
  dist/default/production\test.X.production.o 

Object code version is 3.11

Machine type is 16C56



                Name                               Link     Load   Length Selector   Space Scale
C:\Users\nadia\AppData\Local\Temp\s8ug.o
                end_init                              0        0        2        0       0
                reset_vec                           3FF      3FF        1      7FE       0
                config                              FFF      FFF        1     1FFE       0
dist/default/production\test.X.production.o
                cinit                                 2        2        3        0       0
                maintext                            1FB      1FB        5      3F6       0

TOTAL           Name                               Link     Load   Length     Space
        CLASS   STACK          

        CLASS   CODE           
                reset_vec                           3FF      3FF        1         0
                maintext                            1FB      1FB        5         0

        CLASS   STRCODE        

        CLASS   STRING         

        CLASS   ENTRY          
                end_init                              0        0        2         0
                cinit                                 2        2        3         0

        CLASS   BANK0          

        CLASS   RAM            

        CLASS   ABS1           
                abs_s1                               1C       1C        4         1

        CLASS   COMMON         

        CLASS   SFR0           

        CLASS   CONFIG         
                config                              FFF      FFF        1         0

        CLASS   IDLOC          

        CLASS   CONST          



SEGMENTS        Name                           Load    Length   Top    Selector   Space  Class     Delta

                reset_wrap                     000000  000005  000005         0       0  ENTRY       2
                maintext                       0001FB  000005  000200       3F6       0  CODE        2
                reset_vec                      0003FF  000001  000400       7FE       0  CODE        2
                config                         000FFF  000001  001000      1FFE       0  CONFIG      2


UNUSED ADDRESS RANGES

        Name                Unused          Largest block    Delta
        BANK0            0007-001B             15           1
        CODE             0005-01FA            1F6           2
                         0200-03FE            1FF
        ENTRY            0005-00FF+00FB         FB           2
                         0200-02FF+00FF        100
        IDLOC            0400-0403              4           2
        RAM              0007-001B             15           1
        SFR0             0000-0006              7           1
        STACK            0007-001B             15           1
        STRCODE          0005-01FA            1F6           2
                         0200-03FE            1FF
        STRING           0005-00FF             FB           2
                         0200-02FF            100

                                  Symbol Table

_PORTA                   (abs)        0005
_TRISA                   (abs)        0005
__CFG_CP$OFF             (abs)        0000
__CFG_OSC$RC             (abs)        0000
__CFG_WDT$ON             (abs)        0000
__Habs1                  abs1         0000
__Hbank0                 bank0        0000
__Hcinit                 cinit        0005
__Hclrtext               clrtext      0005
__Hcode                  code         0000
__Hcommon                common       0000
__Hconfig                config       1000
__HcstackBANK0           cstackBANK0  0000
__HcstackCOMMON          cstackCOMMON 0000
__Hend_init              end_init     0002
__Hfunctab               functab      0000
__Hidloc                 idloc        0000
__Hinit                  init         0000
__Hjmp_tab               jmp_tab      0000
__Hmaintext              maintext     0000
__Hpowerup               powerup      0000
__Hram                   ram          0000
__Hreset_vec             reset_vec    0400
__Hreset_wrap            reset_wrap   0000
__Hsfr0                  sfr0         0000
__Hspace_0               (abs)        1000
__Hspace_1               (abs)        0000
__Hspace_2               (abs)        0000
__Hstack                 stack        0000
__Hstrings               strings      0000
__Htext                  text         0000
__Labs1                  abs1         0000
__Lbank0                 bank0        0000
__Lcinit                 cinit        0002
__Lclrtext               clrtext      0005
__Lcode                  code         0000
__Lcommon                common       0000
__Lconfig                config       0FFF
__LcstackBANK0           cstackBANK0  0000
__LcstackCOMMON          cstackCOMMON 0000
__Lend_init              end_init     0000
__Lfunctab               functab      0000
__Lidloc                 idloc        0000
__Linit                  init         0000
__Ljmp_tab               jmp_tab      0000
__Lmaintext              maintext     0000
__Lpowerup               powerup      0000
__Lram                   ram          0000
__Lreset_vec             reset_vec    03FF
__Lreset_wrap            reset_wrap   0000
__Lsfr0                  sfr0         0000
__Lspace_0               (abs)        0000
__Lspace_1               (abs)        0000
__Lspace_2               (abs)        0000
__Lstack                 stack        0000
__Lstrings               strings      0000
__Ltext                  text         0000
__S0                     (abs)        1000
__S1                     (abs)        0000
__S2                     (abs)        0000
___int_sp                stack        0000
___latbits               (abs)        0001
___sp                    stack        0000
___stackhi               (abs)        0000
___stacklo               (abs)        0000
__end_of__initialization cinit        0002
__end_of_main            maintext     0200
__initialization         cinit        0002
__pcstackBANK0           cstackBANK0  0000
__pcstackCOMMON          cstackCOMMON 0000
__pmaintext              maintext     01FB
__size_of_main           (abs)        0000
_main                    maintext     01FB
btemp                    (abs)        001C
end_of_initialization    cinit        0002
ltemp0                   (abs)        001C
reset_vec                reset_vec    03FF
start                    init         0000
start_initialization     cinit        0002
ttemp0                   (abs)        001C
wtemp0                   (abs)        001C
wtemp1                   (abs)        001E


FUNCTION INFORMATION:

 *************** function _main *****************
 Defined at:
		line 7 in file "main.c"
 Parameters:    Size  Location     Type
		None
 Auto vars:     Size  Location     Type
		None
 Return value:  Size  Location     Type
                  1    6[None  ] void 
 Registers used:
		wreg, fsr0l, fsr0h
 Tracked objects:
		On entry : 
		On exit  : 
		Unchanged: 
 Data sizes:     COMMON   BANK0
      Params:         0       0
      Locals:         0       0
      Temps:          0       0
      Totals:         0       0
Total ram usage:        0 bytes
 This function calls:
		Nothing
 This function is called by:
		Startup code after reset
 This function uses a non-reentrant model



MODULE INFORMATION

Module		Function		Class		Link	Load	Size
shared
		__initialization		ENTRY          	0002	0000	1

shared estimated size: 1

main.c
		_main          		CODE           	01FB	0000	6

main.c estimated size: 6

